// Vitest Snapshot v1, https://vitest.dev/guide/snapshot.html

exports[`Bank Feature > API Slice Structure > should match snapshot 1`] = `
{
  "endpoints": {
    "addBank": {
      "initiate": [Function],
      "matchFulfilled": [Function],
      "matchPending": [Function],
      "matchRejected": [Function],
      "name": "addBank",
      "select": [Function],
      "useMutation": [Function],
    },
    "deleteBank": {
      "initiate": [Function],
      "matchFulfilled": [Function],
      "matchPending": [Function],
      "matchRejected": [Function],
      "name": "deleteBank",
      "select": [Function],
      "useMutation": [Function],
    },
    "getBanks": {
      "initiate": [Function],
      "matchFulfilled": [Function],
      "matchPending": [Function],
      "matchRejected": [Function],
      "name": "getBanks",
      "select": [Function],
      "useLazyQuery": [Function],
      "useLazyQuerySubscription": [Function],
      "useQuery": [Function],
      "useQueryState": [Function],
      "useQuerySubscription": [Function],
    },
    "updateBank": {
      "initiate": [Function],
      "matchFulfilled": [Function],
      "matchPending": [Function],
      "matchRejected": [Function],
      "name": "updateBank",
      "select": [Function],
      "useMutation": [Function],
    },
  },
  "enhanceEndpoints": [Function],
  "injectEndpoints": [Function],
  "internalActions": {
    "cacheEntriesUpserted": [Function],
    "internal_getRTKQSubscriptions": [Function],
    "middlewareRegistered": [Function],
    "onFocus": [Function],
    "onFocusLost": [Function],
    "onOffline": [Function],
    "onOnline": [Function],
    "queryResultPatched": [Function],
    "removeMutationResult": [Function],
    "removeQueryResult": [Function],
    "resetApiState": [Function],
    "subscriptionsUpdated": [Function],
    "unsubscribeQueryResult": [Function],
    "updateProvidedBy": [Function],
    "updateSubscriptionOptions": [Function],
  },
  "middleware": [Function],
  "reducer": [Function],
  "reducerPath": "api",
  "useAddBankMutation": [Function],
  "useDeleteBankMutation": [Function],
  "useGetBanksQuery": [Function],
  "useLazyGetBanksQuery": [Function],
  "usePrefetch": [Function],
  "useUpdateBankMutation": [Function],
  "util": {
    "getRunningMutationThunk": [Function],
    "getRunningMutationsThunk": [Function],
    "getRunningQueriesThunk": [Function],
    "getRunningQueryThunk": [Function],
    "invalidateTags": [Function],
    "patchQueryData": [Function],
    "prefetch": [Function],
    "resetApiState": [Function],
    "selectCachedArgsForQuery": [Function],
    "selectInvalidatedBy": [Function],
    "updateQueryData": [Function],
    "upsertQueryData": [Function],
    "upsertQueryEntries": [Function],
  },
}
`;
